#-----------------------------------------------------------
# Vivado v2022.2 (64-bit)
# SW Build 3671981 on Fri Oct 14 05:00:03 MDT 2022
# IP Build 3669848 on Fri Oct 14 08:30:02 MDT 2022
# Start of session at: Sat Jan  6 16:02:06 2024
# Process ID: 1412
# Current directory: C:/Users/Darius/Desktop/coding_stuff/projects_for_resume/SpectrumAnalyzer/Vivado/DFT_TEST_2/DFT_TEST_2.runs/dft_0_synth_1
# Command line: vivado.exe -log dft_0.vds -product Vivado -mode batch -messageDb vivado.pb -notrace -source dft_0.tcl
# Log file: C:/Users/Darius/Desktop/coding_stuff/projects_for_resume/SpectrumAnalyzer/Vivado/DFT_TEST_2/DFT_TEST_2.runs/dft_0_synth_1/dft_0.vds
# Journal file: C:/Users/Darius/Desktop/coding_stuff/projects_for_resume/SpectrumAnalyzer/Vivado/DFT_TEST_2/DFT_TEST_2.runs/dft_0_synth_1\vivado.jou
# Running On: DESKTOP-7B2FBLM, OS: Windows, CPU Frequency: 3194 MHz, CPU Physical cores: 16, Host memory: 14877 MB
#-----------------------------------------------------------
source dft_0.tcl -notrace
